
00:58:10.558 [DEBUG] Runner - Start of the program
00:58:10.570 [DEBUG] Runner - Array created
00:58:12.277 [DEBUG] Runner - required number set
00:58:12.279 [DEBUG] SearchingAssistant - Start of the binarySearch method
00:58:12.280 [DEBUG] SearchingAssistant - Range [0, 99], middle index = 49, element value = 526
00:58:12.283 [DEBUG] SearchingAssistant - Range [0, 48], middle index = 24, element value = 239
00:58:12.283 [DEBUG] SearchingAssistant - Range [0, 23], middle index = 11, element value = 145
00:58:12.284 [DEBUG] SearchingAssistant - Range [0, 10], middle index = 5, element value = 60
00:58:12.284 [DEBUG] SearchingAssistant - Range [0, 4], middle index = 2, element value = 29
00:58:12.284 [DEBUG] SearchingAssistant - Range [0, 1], middle index = 0, element value = 6
00:58:12.284 [DEBUG] Runner - End of the binarySearch method
00:58:12.284 [DEBUG] Runner - End of the program




